ldd-eval: 10 case(s) -> results/baseline-97194e3/cheap
case-a-retention-review run 1/2: passed=false cost=$1.2871 turns=27 
case-a-retention-review run 2/2: passed=false cost=$1.6452 turns=38 
case-b-endpoint-review run 1/2: passed=false cost=$1.1829 turns=27 
case-b-endpoint-review run 2/2: passed=false cost=$1.3371 turns=32 
case-c-picker-review run 1/2: passed=false cost=$1.6491 turns=32 
case-c-picker-review run 2/2: passed=false cost=$1.6140 turns=31 
case-d-ceremony-review run 1/2: passed=false cost=$0.9562 turns=27 
case-d-ceremony-review run 2/2: passed=false cost=$1.1957 turns=30 
--- resumed 2026-09-08T13:26:11Z after container restart ---
ldd-eval: 10 case(s) -> results/baseline-97194e3/cheap
case-a-retention-review resumed 1/2: passed=false cost=$1.2871 turns=27 
case-a-retention-review resumed 2/2: passed=false cost=$1.6452 turns=38 
case-b-endpoint-review resumed 1/2: passed=false cost=$1.1829 turns=27 
case-b-endpoint-review resumed 2/2: passed=false cost=$1.3371 turns=32 
case-c-picker-review resumed 1/2: passed=false cost=$1.6491 turns=32 
case-c-picker-review resumed 2/2: passed=false cost=$1.6140 turns=31 
case-d-ceremony-review resumed 1/2: passed=true cost=$0.9460 turns=27 
case-d-ceremony-review resumed 2/2: passed=true cost=$1.1849 turns=30 
case-e-nils-review run 1/2: passed=false cost=$1.6823 turns=37 
case-e-nils-review run 2/2: passed=false cost=$4.0001 turns=84 
case-f-globals-review run 1/2: passed=true cost=$2.3460 turns=3 
case-f-globals-review run 2/2: passed=false cost=$5.0534 turns=3 
centerpiece-storify-review run 1/2: passed=false cost=$5.2288 turns=46 
ldd-eval: 10 case(s) -> results/baseline-97194e3/cheap
case-a-retention-review resumed 1/2: passed=false cost=$1.2871 turns=27 
case-a-retention-review resumed 2/2: passed=false cost=$1.6452 turns=38 
case-b-endpoint-review resumed 1/2: passed=false cost=$1.1829 turns=27 
case-b-endpoint-review resumed 2/2: passed=false cost=$1.3371 turns=32 
case-c-picker-review resumed 1/2: passed=false cost=$1.6491 turns=32 
case-c-picker-review resumed 2/2: passed=false cost=$1.6140 turns=31 
case-d-ceremony-review resumed 1/2: passed=true cost=$0.9455 turns=27 
case-d-ceremony-review resumed 2/2: passed=true cost=$1.1858 turns=30 
case-e-nils-review resumed 1/2: passed=true cost=$1.6823 turns=37 
case-e-nils-review resumed 2/2: passed=false cost=$4.0001 turns=84 
case-f-globals-review resumed 1/2: passed=true cost=$2.3465 turns=48 
case-f-globals-review resumed 2/2: passed=true cost=$5.0658 turns=123 
centerpiece-storify-review resumed 1/2: passed=false cost=$5.2288 turns=46 
centerpiece-storify-review run 2/2: passed=false cost=$4.5043 turns=46 
review-full run 1/3: passed=false cost=$6.9879 turns=57 
review-full run 2/3: passed=false cost=$14.8932 turns=149 
review-full run 3/3: passed=false cost=$10.4112 turns=82 
budget $60.00 exceeded after $65.9668; stopping
aggregate: passRate=0.29 averageScore=0.83 totalCostUSD=65.9668 -> results/baseline-97194e3/cheap/aggregate-result.json
ldd-eval: cumulative cost $65.9668 exceeded --max-cost-usd $60.00
RUN-EXIT=2
follow-on: first pass ended with RUN-EXIT=2; resuming with cap 80 for the remaining runs
ldd-eval: 10 case(s) -> results/baseline-97194e3/cheap
case-a-retention-review resumed 1/2: passed=false cost=$1.2871 turns=27 
case-a-retention-review resumed 2/2: passed=false cost=$1.6452 turns=38 
case-b-endpoint-review resumed 1/2: passed=false cost=$1.1829 turns=27 
case-b-endpoint-review resumed 2/2: passed=false cost=$1.3371 turns=32 
case-c-picker-review resumed 1/2: passed=false cost=$1.6491 turns=32 
case-c-picker-review resumed 2/2: passed=false cost=$1.6140 turns=31 
case-d-ceremony-review resumed 1/2: passed=true cost=$0.9572 turns=27 
case-d-ceremony-review resumed 2/2: passed=true cost=$1.1957 turns=30 
case-e-nils-review resumed 1/2: passed=true cost=$1.6823 turns=37 
case-e-nils-review resumed 2/2: passed=false cost=$4.0001 turns=84 
case-f-globals-review resumed 1/2: passed=true cost=$2.3471 turns=48 
case-f-globals-review resumed 2/2: passed=true cost=$5.0604 turns=123 
centerpiece-storify-review resumed 1/2: passed=true cost=$5.2288 turns=46 
centerpiece-storify-review resumed 2/2: passed=true cost=$4.5043 turns=46 
review-full resumed 1/3: passed=false cost=$6.9707 turns=57 
review-full resumed 2/3: passed=false cost=$14.8500 turns=149 
review-full resumed 3/3: passed=false cost=$10.4112 turns=82 
trigger-go run 1/3: passed=false cost=$0.0618 turns=1 
trigger-go run 2/3: passed=false cost=$0.0625 turns=1 
trigger-go run 3/3: passed=false cost=$0.0771 turns=2 
trigger-non-go run 1/3: passed=true cost=$0.0587 turns=1 
trigger-non-go run 2/3: passed=true cost=$0.0537 turns=1 
trigger-non-go run 3/3: passed=true cost=$0.0536 turns=1 
aggregate: passRate=0.43 averageScore=0.82 totalCostUSD=66.2906 -> results/baseline-97194e3/cheap/aggregate-result.json
ldd-eval: some cases fell below the pass-rate threshold 1.00
RESUME-EXIT=1
TIER-DONE
